// Jest Snapshot v1, https://goo.gl/fbAQLP

exports[`login renders correctly 1`] = `
<form
  action=""
>
  <div
    className="loginForm"
  >
    <p>
      Email 
      <span>
        (or username)
      </span>
       
    </p>
    <input
      id="email"
      onChange={[Function]}
      placeholder="e.g., e.hughes@downton.org.uk"
      required={true}
      type="text"
      value=""
    />
    <p>
      Password
    </p>
    <input
      id="password"
      onChange={[Function]}
      placeholder="e.g., ••••••••••••"
      required={true}
      type="password"
    />
    <input
      className="button green-button"
      onClick={[Function]}
      type="submit"
      value="Log In"
    />
  </div>
</form>
`;
